[2018/07/04 15:46:17 CST] [INFO] (main.main:10) 这是INFO日志
